// Jest Snapshot v1, https://goo.gl/fbAQLP

exports[`Snapshot 1`] = `
<DocumentFragment>
  <div />
  <div
    class="ant-card ant-card-bordered"
  >
    <div
      class="ant-card-head"
    >
      <div
        class="ant-card-head-wrapper"
      >
        <div
          class="ant-card-head-title"
        >
          Payment
        </div>
      </div>
    </div>
    <div
      class="ant-card-body"
    >
      <div
        class="ant-alert ant-alert-warning ant-alert-no-icon"
        data-show="true"
        role="alert"
      >
        <div
          class="ant-alert-content"
        >
          <div
            class="ant-alert-message"
          >
            We accepts coins only
          </div>
          <div
            class="ant-alert-description"
          />
        </div>
      </div>
      <div>
        <button
          class="ant-btn ant-btn-round"
          type="button"
        >
          <span>
            1 ₪
          </span>
        </button>
        <button
          class="ant-btn ant-btn-round"
          type="button"
        >
          <span>
            2 ₪
          </span>
        </button>
        <button
          class="ant-btn ant-btn-round"
          type="button"
        >
          <span>
            5 ₪
          </span>
        </button>
        <button
          class="ant-btn ant-btn-round"
          type="button"
        >
          <span>
            10 ₪
          </span>
        </button>
      </div>
    </div>
  </div>
</DocumentFragment>
`;
